// Jest Snapshot v1, https://goo.gl/fbAQLP

exports[`<Home /> Home component should match snapshot 1`] = `
<div
  id="home"
>
  <h1
    className="mt-5 mx-auto text-center"
  >
    2n
  </h1>
  <h6
    className="text-center"
  >
    Will you remember 2 numbers ago?
     
    <span
      aria-label="emoji-hand-mouth"
      role="img"
    >
      ðŸ¤­
    </span>
  </h6>
  <button
    className="mt-5 btn btn-success btn-lg btn-pill btn-block"
    onClick={[Function]}
    type="button"
  >
    Play
  </button>
  <div
    className="mx-auto my-5 card"
  >
    <div
      className="card-header"
    >
      The game
    </div>
    <div
      className="card-body"
    >
      <h5
        className="card-title"
      >
        Will you remember 2 digits ago?
      </h5>
      <p>
        Every turn the game will show you one digit.
      </p>
      <p>
        First two turns just remember the digits.
      </p>
      <p>
        Then, the game will ask you if a digit was displayed two turns ago!
      </p>
      <h5>
        Example
      </h5>
      <ul>
        <li>
          Turn 1 : you remember 2.
        </li>
        <li>
          Turn 2 : you remember 7.
        </li>
        <li>
          Turn 3 : you remember 8. The game asks you if 5 was displayed two turns ago: no.
        </li>
        <li>
          Turn 4 : you remember 1. The game asks you if 7 was displayed two turns ago: yes.
        </li>
      </ul>
      <p>
        Go as far as you can, make the biggest score!
      </p>
    </div>
  </div>
</div>
`;
